Watching for file changes with StatReloader
D:\skill.roadmap\backend\apps\notifications\models.py changed, reloading.
Watching for file changes with StatReloader
D:\skill.roadmap\backend\apps\notifications\urls.py changed, reloading.
Watching for file changes with StatReloader
D:\skill.roadmap\backend\apps\applications\views.py changed, reloading.
Watching for file changes with StatReloader
D:\skill.roadmap\backend\.venv\Lib\site-packages\jwt\api_jwt.py:368: InsecureKeyLengthWarning: The HMAC key is 26 bytes long, which is below the minimum recommended length of 32 bytes for SHA256. See RFC 7518 Section 3.2.
  decoded = self.decode_complete(
[12/Sep/2026 23:52:36] "GET /api/v1/admin/users HTTP/1.1" 200 1412
[12/Sep/2026 23:52:36] "GET /api/v1/admin/users HTTP/1.1" 200 1412
D:\skill.roadmap\backend\apps\professors\views.py changed, reloading.
Watching for file changes with StatReloader
D:\skill.roadmap\backend\apps\admins\views.py changed, reloading.
Watching for file changes with StatReloader
[12/Sep/2026 23:53:03] "OPTIONS /api/v1/admin/careers HTTP/1.1" 200 0
[12/Sep/2026 23:53:03] "OPTIONS /api/v1/admin/careers HTTP/1.1" 200 0
D:\skill.roadmap\backend\.venv\Lib\site-packages\jwt\api_jwt.py:368: InsecureKeyLengthWarning: The HMAC key is 26 bytes long, which is below the minimum recommended length of 32 bytes for SHA256. See RFC 7518 Section 3.2.
  decoded = self.decode_complete(
[12/Sep/2026 23:53:03] "GET /api/v1/admin/careers HTTP/1.1" 200 7309
[12/Sep/2026 23:53:03] "GET /api/v1/admin/careers HTTP/1.1" 200 7309
[12/Sep/2026 23:55:25] "GET /api/v1/auth/me HTTP/1.1" 200 173
[12/Sep/2026 23:55:25] "GET /api/v1/auth/me HTTP/1.1" 200 173
[12/Sep/2026 23:55:25] "OPTIONS /api/v1/notifications/unread-count HTTP/1.1" 200 0
[12/Sep/2026 23:55:25] "OPTIONS /api/v1/notifications/unread-count HTTP/1.1" 200 0
[12/Sep/2026 23:55:25] "GET /api/v1/notifications/unread-count HTTP/1.1" 200 18
[12/Sep/2026 23:55:25] "GET /api/v1/admin/careers HTTP/1.1" 200 7309
[12/Sep/2026 23:55:25] "GET /api/v1/notifications/unread-count HTTP/1.1" 200 18
[12/Sep/2026 23:55:25] "GET /api/v1/admin/careers HTTP/1.1" 200 7309
[12/Sep/2026 23:55:59] "GET /api/v1/auth/me HTTP/1.1" 200 173
[12/Sep/2026 23:55:59] "GET /api/v1/auth/me HTTP/1.1" 200 173
[12/Sep/2026 23:56:04] "GET /api/v1/notifications/unread-count HTTP/1.1" 200 18
[12/Sep/2026 23:56:04] "GET /api/v1/admin/dashboard-summary HTTP/1.1" 200 56
[12/Sep/2026 23:56:04] "GET /api/v1/notifications/unread-count HTTP/1.1" 200 18
[12/Sep/2026 23:56:04] "GET /api/v1/admin/dashboard-summary HTTP/1.1" 200 56
[12/Sep/2026 23:56:17] "OPTIONS /api/v1/admin/applications HTTP/1.1" 200 0
[12/Sep/2026 23:56:17] "OPTIONS /api/v1/admin/applications HTTP/1.1" 200 0
[12/Sep/2026 23:56:17] "GET /api/v1/admin/applications HTTP/1.1" 200 2755
[12/Sep/2026 23:56:17] "GET /api/v1/admin/applications HTTP/1.1" 200 2755
[12/Sep/2026 23:56:28] "OPTIONS /api/v1/admin/assessments HTTP/1.1" 200 0
[12/Sep/2026 23:56:28] "OPTIONS /api/v1/admin/assessments HTTP/1.1" 200 0
[12/Sep/2026 23:56:28] "GET /api/v1/admin/assessments HTTP/1.1" 200 666
[12/Sep/2026 23:56:28] "GET /api/v1/admin/assessments HTTP/1.1" 200 666
[12/Sep/2026 23:56:32] "GET /api/v1/auth/me HTTP/1.1" 200 173
[12/Sep/2026 23:56:32] "GET /api/v1/auth/me HTTP/1.1" 200 173
[12/Sep/2026 23:56:35] "GET /api/v1/admin/dashboard-summary HTTP/1.1" 200 56
[12/Sep/2026 23:56:35] "GET /api/v1/notifications/unread-count HTTP/1.1" 200 18
[12/Sep/2026 23:56:35] "GET /api/v1/notifications/unread-count HTTP/1.1" 200 18
[12/Sep/2026 23:56:35] "GET /api/v1/admin/dashboard-summary HTTP/1.1" 200 56
Not Found: /
[12/Sep/2026 23:56:42] "GET / HTTP/1.1" 404 2548
[12/Sep/2026 23:56:51] "GET /api/v1/auth/me HTTP/1.1" 200 173
[12/Sep/2026 23:56:51] "GET /api/v1/auth/me HTTP/1.1" 200 173
D:\skill.roadmap\backend\.venv\Lib\site-packages\jwt\api_jwt.py:147: InsecureKeyLengthWarning: The HMAC key is 26 bytes long, which is below the minimum recommended length of 32 bytes for SHA256. See RFC 7518 Section 3.2.
  return self._jws.encode(
[12/Sep/2026 23:57:29] "POST /api/v1/auth/login HTTP/1.1" 200 673
[12/Sep/2026 23:57:29] "OPTIONS /api/v1/students/dashboard-summary HTTP/1.1" 200 0
[12/Sep/2026 23:57:29] "OPTIONS /api/v1/students/dashboard-summary HTTP/1.1" 200 0
[12/Sep/2026 23:57:29] "GET /api/v1/notifications/unread-count HTTP/1.1" 200 18
[12/Sep/2026 23:57:29] "GET /api/v1/notifications/unread-count HTTP/1.1" 200 18
[12/Sep/2026 23:57:29] "GET /api/v1/students/dashboard-summary HTTP/1.1" 200 1818
[12/Sep/2026 23:57:29] "GET /api/v1/students/dashboard-summary HTTP/1.1" 200 1818
[12/Sep/2026 23:57:51] "OPTIONS /api/v1/notifications?limit=20 HTTP/1.1" 200 0
[12/Sep/2026 23:57:51] "GET /api/v1/notifications?limit=20 HTTP/1.1" 200 1343
[12/Sep/2026 23:57:59] "GET /api/v1/notifications/unread-count HTTP/1.1" 200 18
[12/Sep/2026 23:58:29] "GET /api/v1/notifications/unread-count HTTP/1.1" 200 18
[12/Sep/2026 23:58:59] "GET /api/v1/notifications/unread-count HTTP/1.1" 200 18
[12/Sep/2026 23:59:29] "GET /api/v1/notifications/unread-count HTTP/1.1" 200 18
[12/Sep/2026 23:59:35] "GET /api/v1/notifications?limit=20 HTTP/1.1" 200 1343
[12/Sep/2026 23:59:59] "GET /api/v1/notifications/unread-count HTTP/1.1" 200 18
[13/Sep/2026 00:00:26] "OPTIONS /api/v1/notifications/read-all HTTP/1.1" 200 0
[13/Sep/2026 00:00:26] "POST /api/v1/notifications/read-all HTTP/1.1" 200 44
[13/Sep/2026 00:00:29] "GET /api/v1/notifications/unread-count HTTP/1.1" 200 18
[13/Sep/2026 00:00:59] "GET /api/v1/notifications/unread-count HTTP/1.1" 200 18
[13/Sep/2026 00:01:29] "GET /api/v1/notifications/unread-count HTTP/1.1" 200 18
[13/Sep/2026 00:01:59] "GET /api/v1/notifications/unread-count HTTP/1.1" 200 18
[13/Sep/2026 00:02:29] "GET /api/v1/notifications/unread-count HTTP/1.1" 200 18
[13/Sep/2026 00:02:59] "GET /api/v1/notifications/unread-count HTTP/1.1" 200 18
[13/Sep/2026 00:03:29] "GET /api/v1/notifications/unread-count HTTP/1.1" 200 18
[13/Sep/2026 00:03:59] "GET /api/v1/notifications/unread-count HTTP/1.1" 200 18
[13/Sep/2026 00:04:29] "GET /api/v1/notifications/unread-count HTTP/1.1" 200 18
[13/Sep/2026 00:04:59] "GET /api/v1/notifications/unread-count HTTP/1.1" 200 18
[13/Sep/2026 00:05:29] "GET /api/v1/notifications/unread-count HTTP/1.1" 200 18
[13/Sep/2026 00:05:59] "GET /api/v1/notifications/unread-count HTTP/1.1" 200 18
[13/Sep/2026 00:06:29] "GET /api/v1/notifications/unread-count HTTP/1.1" 200 18
[13/Sep/2026 00:06:59] "GET /api/v1/notifications/unread-count HTTP/1.1" 200 18
[13/Sep/2026 00:07:29] "GET /api/v1/notifications/unread-count HTTP/1.1" 200 18
[13/Sep/2026 00:07:59] "GET /api/v1/notifications/unread-count HTTP/1.1" 200 18
[13/Sep/2026 00:08:29] "GET /api/v1/notifications/unread-count HTTP/1.1" 200 18
[13/Sep/2026 00:08:59] "GET /api/v1/notifications/unread-count HTTP/1.1" 200 18
[13/Sep/2026 00:09:29] "GET /api/v1/notifications/unread-count HTTP/1.1" 200 18
[13/Sep/2026 00:09:59] "GET /api/v1/notifications/unread-count HTTP/1.1" 200 18
[13/Sep/2026 00:10:29] "GET /api/v1/notifications/unread-count HTTP/1.1" 200 18
[13/Sep/2026 00:10:59] "GET /api/v1/notifications/unread-count HTTP/1.1" 200 18
[13/Sep/2026 00:11:29] "GET /api/v1/notifications/unread-count HTTP/1.1" 200 18
[13/Sep/2026 00:11:59] "GET /api/v1/notifications/unread-count HTTP/1.1" 200 18
[13/Sep/2026 00:12:51] "GET /api/v1/notifications/unread-count HTTP/1.1" 200 18
[13/Sep/2026 00:13:09] "GET /api/v1/notifications/unread-count HTTP/1.1" 200 18
[13/Sep/2026 00:13:29] "GET /api/v1/notifications/unread-count HTTP/1.1" 200 18
[13/Sep/2026 00:13:54] "GET /api/v1/notifications?limit=20 HTTP/1.1" 200 1488
[13/Sep/2026 00:13:59] "GET /api/v1/notifications/unread-count HTTP/1.1" 200 18
[13/Sep/2026 00:14:18] "GET /api/v1/auth/me HTTP/1.1" 200 174
[13/Sep/2026 00:14:18] "GET /api/v1/auth/me HTTP/1.1" 200 174
[13/Sep/2026 00:14:21] "GET /api/v1/notifications/unread-count HTTP/1.1" 200 18
[13/Sep/2026 00:14:21] "GET /api/v1/students/dashboard-summary HTTP/1.1" 200 1818
[13/Sep/2026 00:14:21] "GET /api/v1/notifications/unread-count HTTP/1.1" 200 18
[13/Sep/2026 00:14:21] "GET /api/v1/students/dashboard-summary HTTP/1.1" 200 1818
[13/Sep/2026 00:14:51] "GET /api/v1/notifications/unread-count HTTP/1.1" 200 18
[13/Sep/2026 00:15:21] "GET /api/v1/notifications/unread-count HTTP/1.1" 200 18
[13/Sep/2026 00:15:51] "GET /api/v1/notifications/unread-count HTTP/1.1" 200 18
[13/Sep/2026 00:16:21] "GET /api/v1/notifications/unread-count HTTP/1.1" 200 18
D:\skill.roadmap\backend\config\settings.py changed, reloading.
Watching for file changes with StatReloader
D:\skill.roadmap\backend\config\urls.py changed, reloading.
Watching for file changes with StatReloader
D:\skill.roadmap\backend\config\settings.py changed, reloading.
Watching for file changes with StatReloader
D:\skill.roadmap\backend\apps\users\views.py changed, reloading.
Watching for file changes with StatReloader
D:\skill.roadmap\backend\apps\users\views.py changed, reloading.
Watching for file changes with StatReloader
D:\skill.roadmap\backend\.venv\Lib\site-packages\jwt\api_jwt.py:368: InsecureKeyLengthWarning: The HMAC key is 26 bytes long, which is below the minimum recommended length of 32 bytes for SHA256. See RFC 7518 Section 3.2.
  decoded = self.decode_complete(
[13/Sep/2026 01:26:05] "GET /api/v1/notifications/unread-count HTTP/1.1" 200 18
[13/Sep/2026 01:26:35] "GET /api/v1/notifications/unread-count HTTP/1.1" 200 18
D:\skill.roadmap\backend\apps\users\models.py changed, reloading.
Watching for file changes with StatReloader
D:\skill.roadmap\backend\config\settings.py changed, reloading.
Watching for file changes with StatReloader
D:\skill.roadmap\backend\.venv\Lib\site-packages\jwt\api_jwt.py:368: InsecureKeyLengthWarning: The HMAC key is 26 bytes long, which is below the minimum recommended length of 32 bytes for SHA256. See RFC 7518 Section 3.2.
  decoded = self.decode_complete(
[13/Sep/2026 01:27:36] "GET /api/v1/notifications/unread-count HTTP/1.1" 200 18
[13/Sep/2026 01:28:05] "GET /api/v1/notifications/unread-count HTTP/1.1" 200 18
[13/Sep/2026 01:28:35] "GET /api/v1/notifications/unread-count HTTP/1.1" 200 18
[13/Sep/2026 01:29:05] "GET /api/v1/notifications/unread-count HTTP/1.1" 200 18
D:\skill.roadmap\backend\apps\ai_assistant\serializers.py changed, reloading.
Watching for file changes with StatReloader
