[2m5:24:09 pm[22m [31m[1m[vite][22m[39m [31m[2m(client)[22m[39m Pre-transform error: Failed to resolve import "../opportunities/helpers" from "src/pages/student/CareerImprovement.tsx". Does the file exist?
  Plugin: [35mvite:import-analysis[39m
  File: [36mD:/skill.roadmap/frontend/src/pages/student/CareerImprovement.tsx[39m:48:27
[33m  7  |  import { Alert, Badge, Button, Card, ProgressBar, Spinner, Textarea } from "../../components/ui";
  8  |  import { cn } from "../../utils/cn";
  9  |  import { formatDate } from "../opportunities/helpers";
     |                              ^
  10 |  import { TypeBadge } from "../opportunities/TypeBadge";
  11 |  var _jsxFileName = "D:/skill.roadmap/frontend/src/pages/student/CareerImprovement.tsx";[39m
[2m5:24:09 pm[22m [31m[1m[vite][22m[39m [31mInternal server error: Failed to resolve import "../opportunities/helpers" from "src/pages/student/CareerImprovement.tsx". Does the file exist?[39m
  Plugin: [35mvite:import-analysis[39m
  File: [36mD:/skill.roadmap/frontend/src/pages/student/CareerImprovement.tsx[39m:48:27
[33m  7  |  import { Alert, Badge, Button, Card, ProgressBar, Spinner, Textarea } from "../../components/ui";
  8  |  import { cn } from "../../utils/cn";
  9  |  import { formatDate } from "../opportunities/helpers";
     |                              ^
  10 |  import { TypeBadge } from "../opportunities/TypeBadge";
  11 |  var _jsxFileName = "D:/skill.roadmap/frontend/src/pages/student/CareerImprovement.tsx";[39m
      at TransformPluginContext._formatLog (file:///D:/skill.roadmap/frontend/node_modules/vite/dist/node/chunks/node.js:31147:39)
      at TransformPluginContext.error (file:///D:/skill.roadmap/frontend/node_modules/vite/dist/node/chunks/node.js:31144:14)
      at normalizeUrl (file:///D:/skill.roadmap/frontend/node_modules/vite/dist/node/chunks/node.js:28083:18)
      at async file:///D:/skill.roadmap/frontend/node_modules/vite/dist/node/chunks/node.js:28153:30
      at async Promise.all (index 8)
      at async TransformPluginContext.transform (file:///D:/skill.roadmap/frontend/node_modules/vite/dist/node/chunks/node.js:28119:4)
      at async EnvironmentPluginContainer.transform (file:///D:/skill.roadmap/frontend/node_modules/vite/dist/node/chunks/node.js:30932:14)
      at async loadAndTransform (file:///D:/skill.roadmap/frontend/node_modules/vite/dist/node/chunks/node.js:20671:26)
[2m5:24:09 pm[22m [31m[1m[vite][22m[39m [31m[2m(client)[22m[39m Pre-transform error: Failed to resolve import "../opportunities/helpers" from "src/pages/student/CareerImprovement.tsx". Does the file exist?
  Plugin: [35mvite:import-analysis[39m
  File: [36mD:/skill.roadmap/frontend/src/pages/student/CareerImprovement.tsx[39m:48:27
[33m  7  |  import { Alert, Badge, Button, Card, ProgressBar, Spinner, Textarea } from "../../components/ui";
  8  |  import { cn } from "../../utils/cn";
  9  |  import { formatDate } from "../opportunities/helpers";
     |                              ^
  10 |  import { TypeBadge } from "../opportunities/TypeBadge";
  11 |  var _jsxFileName = "D:/skill.roadmap/frontend/src/pages/student/CareerImprovement.tsx";[39m
[2m5:24:09 pm[22m [31m[1m[vite][22m[39m [31m[2m(client)[22m[39m Pre-transform error: Failed to resolve import "../opportunities/helpers" from "src/pages/student/CareerImprovement.tsx". Does the file exist?
  Plugin: [35mvite:import-analysis[39m
  File: [36mD:/skill.roadmap/frontend/src/pages/student/CareerImprovement.tsx[39m:48:27
[33m  7  |  import { Alert, Badge, Button, Card, ProgressBar, Spinner, Textarea } from "../../components/ui";
  8  |  import { cn } from "../../utils/cn";
  9  |  import { formatDate } from "../opportunities/helpers";
     |                              ^
  10 |  import { TypeBadge } from "../opportunities/TypeBadge";
  11 |  var _jsxFileName = "D:/skill.roadmap/frontend/src/pages/student/CareerImprovement.tsx";[39m
